src/pages/Auth.tsx(11,38): error TS6133: 'event' is declared but its value is never read.
src/pages/History.tsx(4,30): error TS6133: 'Globe' is declared but its value is never read.
src/pages/History.tsx(9,10): error TS6133: 'sessions' is declared but its value is never read.
src/pages/Home.tsx(3,17): error TS2305: Module '"lucide-react"' has no exported member 'Github'.
src/pages/Results.tsx(4,10): error TS6133: 'Shield' is declared but its value is never read.
src/pages/Results.tsx(4,77): error TS6133: 'ArrowLeft' is declared but its value is never read.
